------------------------------------------------------------
TimeQuest Timing Analyzer Summary
------------------------------------------------------------

Type  : Slow 1100mV 85C Model Setup 'clk'
Slack : -0.157
TNS   : -0.441

Type  : Slow 1100mV 85C Model Hold 'clk'
Slack : 0.243
TNS   : 0.000

Type  : Slow 1100mV 85C Model Minimum Pulse Width 'clk'
Slack : -0.394
TNS   : -1.578

Type  : Slow 1100mV 0C Model Setup 'clk'
Slack : -0.187
TNS   : -0.515

Type  : Slow 1100mV 0C Model Hold 'clk'
Slack : 0.222
TNS   : 0.000

Type  : Slow 1100mV 0C Model Minimum Pulse Width 'clk'
Slack : -0.394
TNS   : -1.713

Type  : Fast 1100mV 85C Model Setup 'clk'
Slack : 0.310
TNS   : 0.000

Type  : Fast 1100mV 85C Model Hold 'clk'
Slack : 0.147
TNS   : 0.000

Type  : Fast 1100mV 85C Model Minimum Pulse Width 'clk'
Slack : -0.077
TNS   : -0.230

Type  : Fast 1100mV 0C Model Setup 'clk'
Slack : 0.339
TNS   : 0.000

Type  : Fast 1100mV 0C Model Hold 'clk'
Slack : 0.135
TNS   : 0.000

Type  : Fast 1100mV 0C Model Minimum Pulse Width 'clk'
Slack : -0.077
TNS   : -0.229

------------------------------------------------------------
